// Jest Snapshot v1, https://goo.gl/fbAQLP

exports[`PnLCard adds snapshot test for visual regression 1`] = `
<div>
  <div
    data-testid="portal-container"
  >
    <div
      aria-labelledby="modal-title"
      aria-modal="true"
      class="cardOverlay"
      role="dialog"
    >
      <div
        class="modalContainer"
      >
        <div
          class="header"
        >
          <h2
            id="modal-title"
          >
            Position Details
          </h2>
          <button
            aria-label="Close"
            class="closeButton"
            title="Close PnL card"
          >
            <span
              data-testid="close-icon"
            >
              X
            </span>
          </button>
        </div>
        <div
          class="cardContent"
          data-export-content="true"
        >
          <div
            class="cardHeader"
          >
            <div
              class="titleWrapper"
            >
              <h3
                class="pairTitle"
              >
                ETH/USDC
              </h3>
              <div
                class="statusBadge closed"
              >
                Active
              </div>
            </div>
          </div>
          <div
            class="performanceSection"
          >
            <div
              aria-live="polite"
              class="pnl positive"
              role="status"
            >
              <span
                class="value"
              >
                <span
                  data-testid="currency-icon"
                >
                  $
                </span>
                1.00K
                <span
                  class="percentage"
                >
                  (
                  5.25
                  %)
                </span>
              </span>
            </div>
          </div>
          <div
            class="detailsGrid"
          >
            <div
              class="detailsColumn"
            >
              <dl
                class="detailedStats"
              >
                <div
                  class="statRow"
                >
                  <dt
                    class="label"
                  >
                    <span
                      data-testid="currency-icon"
                    >
                      $
                    </span>
                    Collateral
                    :
                  </dt>
                  <dd
                    class="value "
                  >
                    $5.00K
                  </dd>
                </div>
                <div
                  class="statRow"
                >
                  <dt
                    class="label"
                  >
                    <span
                      data-testid="scale-icon"
                    >
                      Scale
                    </span>
                    Leverage
                    :
                  </dt>
                  <dd
                    class="value "
                  >
                    2.00x
                  </dd>
                </div>
                <div
                  class="statRow"
                >
                  <dt
                    class="label"
                  >
                    <span
                      data-testid="coins-icon"
                    >
                      Coins
                    </span>
                    Fees Earned
                    :
                  </dt>
                  <dd
                    class="value positive"
                  >
                    $200.00
                  </dd>
                </div>
                <div
                  class="statRow"
                >
                  <dt
                    class="label"
                  >
                    <span
                      data-testid="sync-icon"
                    >
                      Sync
                    </span>
                    Compounded
                    :
                  </dt>
                  <dd
                    class="value positive"
                  >
                    $50.00
                  </dd>
                </div>
              </dl>
            </div>
            <div
              class="detailsColumn"
            >
              <dl
                class="detailedStats"
              >
                <div
                  class="statRow"
                >
                  <dt
                    class="label"
                  >
                    <span
                      data-testid="arrows-h-icon"
                    >
                      Arrows
                    </span>
                    Range
                    :
                  </dt>
                  <dd
                    class="value "
                  >
                    $1.60K - $2.00K
                  </dd>
                </div>
                <div
                  class="statRow"
                >
                  <dt
                    class="label"
                  >
                    <span
                      data-testid="arrows-v-icon"
                    >
                      Arrows
                    </span>
                    LL / UL
                    :
                  </dt>
                  <dd
                    class="value "
                  >
                    <span>
                      <span
                        class="negative"
                      >
                        $1.50K
                      </span>
                       / 
                      <span
                        class="positive"
                      >
                        $2.10K
                      </span>
                    </span>
                  </dd>
                </div>
                <div
                  class="statRow"
                >
                  <dt
                    class="label"
                  >
                    <span
                      data-testid="warning-icon"
                    >
                      Warning
                    </span>
                    Liq Price
                    :
                  </dt>
                  <dd
                    class="value negative"
                  >
                    $1.40K / $2.20K
                  </dd>
                </div>
                <div
                  class="statRow"
                >
                  <dt
                    class="label"
                  >
                    <span
                      data-testid="clock-icon"
                    >
                      Clock
                    </span>
                    Duration
                    :
                  </dt>
                  <dd
                    class="value "
                  >
                    30s
                  </dd>
                </div>
              </dl>
            </div>
          </div>
        </div>
        <div
          class="actions"
        >
          <button
            aria-label="Download ETH/USDC PnL card as PNG"
            title="Download PnL card as PNG image"
          >
            <span
              data-testid="download-icon"
            >
              Download
            </span>
            Download PNG
          </button>
          <button
            aria-label="Share ETH/USDC PnL card"
            title="Share PnL card"
          >
            <span
              data-testid="share-icon"
            >
              Share
            </span>
            Share
          </button>
        </div>
      </div>
    </div>
  </div>
</div>
`;
